// Jest Snapshot v1, https://goo.gl/fbAQLP

exports[`maxBuildTime global 1`] = `
[
  {
    "compilation": "a5ca8b0ac9b2c1315153",
    "details": [
      {
        "payload": {
          "context": {
            "buildTime": 416,
            "buildTimeOK": false,
            "compilation": "a5ca8b0ac9b2c1315153",
            "rule": 1,
          },
        },
        "query": "
            $input: resolveInputFile();
            {
              entry: #.entry.resolveEntrypoint(#.compilation),
              useCompressedSize: #.useCompressedSize,
              downloadTime: #.downloadTime,
              initialDownloadTime: #.initialDownloadTime,
              asyncDownloadTime: #.asyncDownloadTime,
              rule: #.rule,
            }
            ",
        "type": "discovery",
      },
    ],
    "filename": "input.json",
    "message": "Compilation "a5ca8b0": Build time is 416 ms. It's over the 1 ms limit",
    "related": [
      {
        "id": "a5ca8b0ac9b2c1315153",
        "type": "compilation",
      },
    ],
  },
]
`;

exports[`maxBuildTime not match - global 1`] = `[]`;
