// Jest Snapshot v1, https://goo.gl/fbAQLP

exports[`matches 1`] = `
[
  {
    "compilation": "a5ca8b0ac9b2c1315153",
    "details": [
      {
        "payload": {
          "context": {
            "compilation": "a5ca8b0ac9b2c1315153",
            "module": "./node_modules/babel-loader/lib/index.js!./simple/src/index.ts|0b0c5dd45d404db9de8e4f112da38650",
          },
        },
        "query": "
            $input: resolveInputFile();
            {
              module: #.module.resolveModule(#.compilation),
            }
            ",
        "type": "discovery",
      },
    ],
    "filename": "input.json",
    "message": "Module ./simple/src/index.ts + 3 modules should not be used",
    "related": [
      {
        "id": "./node_modules/babel-loader/lib/index.js!./simple/src/index.ts|0b0c5dd45d404db9de8e4f112da38650",
        "type": "module",
      },
    ],
  },
  {
    "compilation": "a5ca8b0ac9b2c1315153",
    "details": [
      {
        "payload": {
          "context": {
            "compilation": "a5ca8b0ac9b2c1315153",
            "module": "./node_modules/babel-loader/lib/index.js!./simple/src/index2.ts|c68ca0e747ab40a1e23e6b9e5f0d6325",
          },
        },
        "query": "
            $input: resolveInputFile();
            {
              module: #.module.resolveModule(#.compilation),
            }
            ",
        "type": "discovery",
      },
    ],
    "filename": "input.json",
    "message": "Module ./simple/src/index2.ts + 1 modules should not be used",
    "related": [
      {
        "id": "./node_modules/babel-loader/lib/index.js!./simple/src/index2.ts|c68ca0e747ab40a1e23e6b9e5f0d6325",
        "type": "module",
      },
    ],
  },
  {
    "compilation": "a5ca8b0ac9b2c1315153",
    "details": [
      {
        "payload": {
          "context": {
            "compilation": "a5ca8b0ac9b2c1315153",
            "module": "./node_modules/babel-loader/lib/index.js!./simple/src/sub-module.ts",
          },
        },
        "query": "
            $input: resolveInputFile();
            {
              module: #.module.resolveModule(#.compilation),
            }
            ",
        "type": "discovery",
      },
    ],
    "filename": "input.json",
    "message": "Module ./simple/src/sub-module.ts should not be used",
    "related": [
      {
        "id": "./node_modules/babel-loader/lib/index.js!./simple/src/sub-module.ts",
        "type": "module",
      },
    ],
  },
  {
    "compilation": "a5ca8b0ac9b2c1315153",
    "details": [
      {
        "payload": {
          "context": {
            "compilation": "a5ca8b0ac9b2c1315153",
            "module": "./node_modules/css-loader/dist/cjs.js!./simple/src/index2.css",
          },
        },
        "query": "
            $input: resolveInputFile();
            {
              module: #.module.resolveModule(#.compilation),
            }
            ",
        "type": "discovery",
      },
    ],
    "filename": "input.json",
    "message": "Module ./simple/src/index2.css should not be used",
    "related": [
      {
        "id": "./node_modules/css-loader/dist/cjs.js!./simple/src/index2.css",
        "type": "module",
      },
    ],
  },
  {
    "compilation": "a5ca8b0ac9b2c1315153",
    "details": [
      {
        "payload": {
          "context": {
            "compilation": "a5ca8b0ac9b2c1315153",
            "module": "asset/resource|./simple/src/test.txt",
          },
        },
        "query": "
            $input: resolveInputFile();
            {
              module: #.module.resolveModule(#.compilation),
            }
            ",
        "type": "discovery",
      },
    ],
    "filename": "input.json",
    "message": "Module ./simple/src/test.txt should not be used",
    "related": [
      {
        "id": "asset/resource|./simple/src/test.txt",
        "type": "module",
      },
    ],
  },
  {
    "compilation": "a5ca8b0ac9b2c1315153",
    "details": [
      {
        "payload": {
          "context": {
            "compilation": "a5ca8b0ac9b2c1315153",
            "module": "./node_modules/babel-loader/lib/index.js!./simple/src/dyn.ts",
          },
        },
        "query": "
            $input: resolveInputFile();
            {
              module: #.module.resolveModule(#.compilation),
            }
            ",
        "type": "discovery",
      },
    ],
    "filename": "input.json",
    "message": "Module ./simple/src/dyn.ts should not be used",
    "related": [
      {
        "id": "./node_modules/babel-loader/lib/index.js!./simple/src/dyn.ts",
        "type": "module",
      },
    ],
  },
  {
    "compilation": "a5ca8b0ac9b2c1315153",
    "details": [
      {
        "payload": {
          "context": {
            "compilation": "a5ca8b0ac9b2c1315153",
            "module": "asset/inline|./simple/src/statoscope.png",
          },
        },
        "query": "
            $input: resolveInputFile();
            {
              module: #.module.resolveModule(#.compilation),
            }
            ",
        "type": "discovery",
      },
    ],
    "filename": "input.json",
    "message": "Module ./simple/src/statoscope.png should not be used",
    "related": [
      {
        "id": "asset/inline|./simple/src/statoscope.png",
        "type": "module",
      },
    ],
  },
  {
    "compilation": "a5ca8b0ac9b2c1315153",
    "details": [
      {
        "payload": {
          "context": {
            "compilation": "a5ca8b0ac9b2c1315153",
            "module": "./node_modules/babel-loader/lib/index.js!./simple/src/index.ts",
          },
        },
        "query": "
            $input: resolveInputFile();
            {
              module: #.module.resolveModule(#.compilation),
            }
            ",
        "type": "discovery",
      },
    ],
    "filename": "input.json",
    "message": "Module ./simple/src/index.ts should not be used",
    "related": [
      {
        "id": "./node_modules/babel-loader/lib/index.js!./simple/src/index.ts",
        "type": "module",
      },
    ],
  },
  {
    "compilation": "a5ca8b0ac9b2c1315153",
    "details": [
      {
        "payload": {
          "context": {
            "compilation": "a5ca8b0ac9b2c1315153",
            "module": "./node_modules/babel-loader/lib/index.js!./simple/src/index2.ts",
          },
        },
        "query": "
            $input: resolveInputFile();
            {
              module: #.module.resolveModule(#.compilation),
            }
            ",
        "type": "discovery",
      },
    ],
    "filename": "input.json",
    "message": "Module ./simple/src/index2.ts should not be used",
    "related": [
      {
        "id": "./node_modules/babel-loader/lib/index.js!./simple/src/index2.ts",
        "type": "module",
      },
    ],
  },
]
`;

exports[`not matches 1`] = `[]`;
