// Jest Snapshot v1, https://goo.gl/fbAQLP

exports[`should work 1`] = `
{
  "descriptor": {
    "adapter": {
      "name": "test-adapter",
      "version": "7.7.7",
    },
    "author": {
      "name": "Sergey Melyukov",
      "url": "https://twitter.com/smelukov",
    },
    "description": "Statoscope extension for collecting package info (e.g. available versions)",
    "homepage": "https://github.com/statoscope/statoscope/",
    "name": "@statoscope/stats-extension-package-info",
    "version": "8.8.8",
  },
  "payload": {
    "compilations": [
      {
        "id": "foo-compilation",
        "packages": [
          {
            "instances": [
              {
                "info": {
                  "version": "1.0.0",
                },
                "path": "foo-instance",
              },
              {
                "info": {
                  "version": "2.0.0",
                },
                "path": "bar-instance",
              },
            ],
            "name": "foo-package",
          },
          {
            "instances": [
              {
                "info": {
                  "version": "3.0.0",
                },
                "path": "bar-instance",
              },
            ],
            "name": "bar-package",
          },
        ],
      },
      {
        "id": "bar-compilation",
        "packages": [
          {
            "instances": [
              {
                "info": {
                  "version": "4.0.0",
                },
                "path": "bar-instance",
              },
            ],
            "name": "foo-package",
          },
        ],
      },
    ],
  },
}
`;
