// Jest Snapshot v1, https://goo.gl/fbAQLP

exports[`should work 1`] = `
[
  [
    "input.json",
  ],
  [
    "a5ca8b0ac9b2c1315153",
  ],
  [
    "error  Module ./simple/src/index.ts + 3 modules should not be used  webpack/restricted-modules",
  ],
  [
    "error  Module ./simple/src/index2.ts + 1 modules should not be used  webpack/restricted-modules",
  ],
  [
    "error  Module ./simple/src/sub-module.ts should not be used  webpack/restricted-modules",
  ],
  [
    "error  Module ./simple/src/index2.css should not be used  webpack/restricted-modules",
  ],
  [
    "error  Module ./simple/src/test.txt should not be used  webpack/restricted-modules",
  ],
  [
    "error  Module ./simple/src/dyn.ts should not be used  webpack/restricted-modules",
  ],
  [
    "error  Module ./simple/src/statoscope.png should not be used  webpack/restricted-modules",
  ],
  [
    "error  Module ./simple/src/index.ts should not be used  webpack/restricted-modules",
  ],
  [
    "error  Module ./simple/src/index2.ts should not be used  webpack/restricted-modules",
  ],
  [
    "error  foo@1.0.0 should not be used  webpack/restricted-packages",
  ],
  [
    "Instances:",
  ],
  [
    "- simple/node_modules/foo  1.0.0",
  ],
  [
    "",
  ],
  [
    "10 problems (10 errors, 0 warnings)",
  ],
]
`;
