// Jest Snapshot v1, https://goo.gl/fbAQLP

exports[`Alternative packages support doesn't render the list when alternatives aren't provided 1`] = `
[
  {
    "compilation": "a5ca8b0ac9b2c1315153",
    "details": [
      {
        "content": [
          "Instances:",
          "- simple/node_modules/foo  1.0.0",
        ],
        "type": "text",
      },
      {
        "content": [
          "Instances:",
          "- simple/node_modules/foo  1.0.0",
        ],
        "type": "tty",
      },
      {
        "payload": {
          "context": {
            "alternatives": undefined,
            "compilation": "a5ca8b0ac9b2c1315153",
            "description": undefined,
            "package": "foo",
          },
        },
        "query": "
              $input: resolveInputFile();
              {
                package: #.package.resolvePackage(#.compilation),
                alternatives: #.alternatives,
                description: #.description,
              }
              ",
        "type": "discovery",
        "view": [
          {
            "content": "text:description",
            "view": "block",
            "when": "description",
          },
          {
            "data": ""Consider using alternative packages:"",
            "view": "text",
            "when": "alternatives",
          },
          {
            "data": "alternatives",
            "item": {
              "data": "{text: $, href:"https://npmjs.com/package/"+$}",
              "view": "link",
            },
            "view": "ul",
          },
        ],
      },
    ],
    "filename": "input.json",
    "message": "foo@1.0.0 should not be used",
    "related": [
      {
        "id": "foo",
        "type": "package",
      },
      {
        "id": "simple/node_modules/foo",
        "type": "package-instance",
      },
    ],
  },
]
`;

exports[`Alternative packages support doesn't render the list when alternatives aren't provided 2`] = `
[
  {
    "compilation": "a5ca8b0ac9b2c1315153",
    "details": [
      {
        "content": [
          "Instances:",
          "- simple/node_modules/foo  1.0.0",
        ],
        "type": "text",
      },
      {
        "content": [
          "Instances:",
          "- simple/node_modules/foo  1.0.0",
        ],
        "type": "tty",
      },
      {
        "payload": {
          "context": {
            "alternatives": undefined,
            "compilation": "a5ca8b0ac9b2c1315153",
            "description": undefined,
            "package": "foo",
          },
        },
        "query": "
              $input: resolveInputFile();
              {
                package: #.package.resolvePackage(#.compilation),
                alternatives: #.alternatives,
                description: #.description,
              }
              ",
        "type": "discovery",
        "view": [
          {
            "content": "text:description",
            "view": "block",
            "when": "description",
          },
          {
            "data": ""Consider using alternative packages:"",
            "view": "text",
            "when": "alternatives",
          },
          {
            "data": "alternatives",
            "item": {
              "data": "{text: $, href:"https://npmjs.com/package/"+$}",
              "view": "link",
            },
            "view": "ul",
          },
        ],
      },
    ],
    "filename": "input.json",
    "message": "foo@1.0.0 should not be used",
    "related": [
      {
        "id": "foo",
        "type": "package",
      },
      {
        "id": "simple/node_modules/foo",
        "type": "package-instance",
      },
    ],
  },
  {
    "compilation": "a5ca8b0ac9b2c1315153",
    "details": [
      {
        "content": [
          "Instances:",
          "- simple/node_modules/foo  1.0.0",
        ],
        "type": "text",
      },
      {
        "content": [
          "Instances:",
          "- simple/node_modules/foo  1.0.0",
        ],
        "type": "tty",
      },
      {
        "payload": {
          "context": {
            "alternatives": [],
            "compilation": "a5ca8b0ac9b2c1315153",
            "description": undefined,
            "package": "foo",
          },
        },
        "query": "
              $input: resolveInputFile();
              {
                package: #.package.resolvePackage(#.compilation),
                alternatives: #.alternatives,
                description: #.description,
              }
              ",
        "type": "discovery",
        "view": [
          {
            "content": "text:description",
            "view": "block",
            "when": "description",
          },
          {
            "data": ""Consider using alternative packages:"",
            "view": "text",
            "when": "alternatives",
          },
          {
            "data": "alternatives",
            "item": {
              "data": "{text: $, href:"https://npmjs.com/package/"+$}",
              "view": "link",
            },
            "view": "ul",
          },
        ],
      },
    ],
    "filename": "input.json",
    "message": "foo@1.0.0 should not be used",
    "related": [
      {
        "id": "foo",
        "type": "package",
      },
      {
        "id": "simple/node_modules/foo",
        "type": "package-instance",
      },
    ],
  },
]
`;

exports[`Alternative packages support renders the list of alternative packages when provided 1`] = `
[
  {
    "compilation": "a5ca8b0ac9b2c1315153",
    "details": [
      {
        "content": [
          "Instances:",
          "- simple/node_modules/foo  1.0.0",
          "Consider using alternative packages:",
          "- bar",
        ],
        "type": "text",
      },
      {
        "content": [
          "Instances:",
          "- simple/node_modules/foo  1.0.0",
          "Consider using alternative packages:",
          "- bar",
        ],
        "type": "tty",
      },
      {
        "payload": {
          "context": {
            "alternatives": [
              "bar",
            ],
            "compilation": "a5ca8b0ac9b2c1315153",
            "description": undefined,
            "package": "foo",
          },
        },
        "query": "
              $input: resolveInputFile();
              {
                package: #.package.resolvePackage(#.compilation),
                alternatives: #.alternatives,
                description: #.description,
              }
              ",
        "type": "discovery",
        "view": [
          {
            "content": "text:description",
            "view": "block",
            "when": "description",
          },
          {
            "data": ""Consider using alternative packages:"",
            "view": "text",
            "when": "alternatives",
          },
          {
            "data": "alternatives",
            "item": {
              "data": "{text: $, href:"https://npmjs.com/package/"+$}",
              "view": "link",
            },
            "view": "ul",
          },
        ],
      },
    ],
    "filename": "input.json",
    "message": "foo@1.0.0 should not be used",
    "related": [
      {
        "id": "foo",
        "type": "package",
      },
      {
        "id": "simple/node_modules/foo",
        "type": "package-instance",
      },
    ],
  },
]
`;

exports[`Alternative packages support renders the list of alternative packages when provided 2`] = `
[
  {
    "compilation": "a5ca8b0ac9b2c1315153",
    "details": [
      {
        "content": [
          "Instances:",
          "- simple/node_modules/foo  1.0.0",
          "Consider using alternative packages:",
          "- bar",
        ],
        "type": "text",
      },
      {
        "content": [
          "Instances:",
          "- simple/node_modules/foo  1.0.0",
          "Consider using alternative packages:",
          "- bar",
        ],
        "type": "tty",
      },
      {
        "payload": {
          "context": {
            "alternatives": [
              "bar",
            ],
            "compilation": "a5ca8b0ac9b2c1315153",
            "description": undefined,
            "package": "foo",
          },
        },
        "query": "
              $input: resolveInputFile();
              {
                package: #.package.resolvePackage(#.compilation),
                alternatives: #.alternatives,
                description: #.description,
              }
              ",
        "type": "discovery",
        "view": [
          {
            "content": "text:description",
            "view": "block",
            "when": "description",
          },
          {
            "data": ""Consider using alternative packages:"",
            "view": "text",
            "when": "alternatives",
          },
          {
            "data": "alternatives",
            "item": {
              "data": "{text: $, href:"https://npmjs.com/package/"+$}",
              "view": "link",
            },
            "view": "ul",
          },
        ],
      },
    ],
    "filename": "input.json",
    "message": "foo@1.0.0 should not be used",
    "related": [
      {
        "id": "foo",
        "type": "package",
      },
      {
        "id": "simple/node_modules/foo",
        "type": "package-instance",
      },
    ],
  },
  {
    "compilation": "a5ca8b0ac9b2c1315153",
    "details": [
      {
        "content": [
          "Completely valid reason not to use foo",
          "Instances:",
          "- simple/node_modules/foo  1.0.0",
          "Consider using alternative packages:",
          "- bar",
          "- bar2",
        ],
        "type": "text",
      },
      {
        "content": [
          "Completely valid reason not to use foo",
          "Instances:",
          "- simple/node_modules/foo  1.0.0",
          "Consider using alternative packages:",
          "- bar",
          "- bar2",
        ],
        "type": "tty",
      },
      {
        "payload": {
          "context": {
            "alternatives": [
              "bar",
              "bar2",
            ],
            "compilation": "a5ca8b0ac9b2c1315153",
            "description": "Completely valid reason not to use foo",
            "package": "foo",
          },
        },
        "query": "
              $input: resolveInputFile();
              {
                package: #.package.resolvePackage(#.compilation),
                alternatives: #.alternatives,
                description: #.description,
              }
              ",
        "type": "discovery",
        "view": [
          {
            "content": "text:description",
            "view": "block",
            "when": "description",
          },
          {
            "data": ""Consider using alternative packages:"",
            "view": "text",
            "when": "alternatives",
          },
          {
            "data": "alternatives",
            "item": {
              "data": "{text: $, href:"https://npmjs.com/package/"+$}",
              "view": "link",
            },
            "view": "ul",
          },
        ],
      },
    ],
    "filename": "input.json",
    "message": "foo@1.0.0 should not be used",
    "related": [
      {
        "id": "foo",
        "type": "package",
      },
      {
        "id": "simple/node_modules/foo",
        "type": "package-instance",
      },
    ],
  },
]
`;

exports[`Alternative packages support renders the list of alternative packages when provided 3`] = `
[
  {
    "compilation": "a5ca8b0ac9b2c1315153",
    "details": [
      {
        "content": [
          "Instances:",
          "- simple/node_modules/foo  1.0.0",
          "Consider using alternative packages:",
          "- bar",
        ],
        "type": "text",
      },
      {
        "content": [
          "Instances:",
          "- simple/node_modules/foo  1.0.0",
          "Consider using alternative packages:",
          "- bar",
        ],
        "type": "tty",
      },
      {
        "payload": {
          "context": {
            "alternatives": [
              "bar",
            ],
            "compilation": "a5ca8b0ac9b2c1315153",
            "description": undefined,
            "package": "foo",
          },
        },
        "query": "
              $input: resolveInputFile();
              {
                package: #.package.resolvePackage(#.compilation),
                alternatives: #.alternatives,
                description: #.description,
              }
              ",
        "type": "discovery",
        "view": [
          {
            "content": "text:description",
            "view": "block",
            "when": "description",
          },
          {
            "data": ""Consider using alternative packages:"",
            "view": "text",
            "when": "alternatives",
          },
          {
            "data": "alternatives",
            "item": {
              "data": "{text: $, href:"https://npmjs.com/package/"+$}",
              "view": "link",
            },
            "view": "ul",
          },
        ],
      },
    ],
    "filename": "input.json",
    "message": "foo@1.0.0 should not be used",
    "related": [
      {
        "id": "foo",
        "type": "package",
      },
      {
        "id": "simple/node_modules/foo",
        "type": "package-instance",
      },
    ],
  },
  {
    "compilation": "a5ca8b0ac9b2c1315153",
    "details": [
      {
        "content": [
          "Completely valid reason not to use foo",
          "Instances:",
          "- simple/node_modules/foo  1.0.0",
          "Consider using alternative packages:",
          "- bar",
          "- bar2",
        ],
        "type": "text",
      },
      {
        "content": [
          "Completely valid reason not to use foo",
          "Instances:",
          "- simple/node_modules/foo  1.0.0",
          "Consider using alternative packages:",
          "- bar",
          "- bar2",
        ],
        "type": "tty",
      },
      {
        "payload": {
          "context": {
            "alternatives": [
              "bar",
              "bar2",
            ],
            "compilation": "a5ca8b0ac9b2c1315153",
            "description": "Completely valid reason not to use foo",
            "package": "foo",
          },
        },
        "query": "
              $input: resolveInputFile();
              {
                package: #.package.resolvePackage(#.compilation),
                alternatives: #.alternatives,
                description: #.description,
              }
              ",
        "type": "discovery",
        "view": [
          {
            "content": "text:description",
            "view": "block",
            "when": "description",
          },
          {
            "data": ""Consider using alternative packages:"",
            "view": "text",
            "when": "alternatives",
          },
          {
            "data": "alternatives",
            "item": {
              "data": "{text: $, href:"https://npmjs.com/package/"+$}",
              "view": "link",
            },
            "view": "ul",
          },
        ],
      },
    ],
    "filename": "input.json",
    "message": "foo@1.0.0 should not be used",
    "related": [
      {
        "id": "foo",
        "type": "package",
      },
      {
        "id": "simple/node_modules/foo",
        "type": "package-instance",
      },
    ],
  },
  {
    "compilation": "a5ca8b0ac9b2c1315153",
    "details": [
      {
        "content": [
          "Instances:",
          "- simple/node_modules/foo  1.0.0",
          "Consider using alternative packages:",
          "- bar",
        ],
        "type": "text",
      },
      {
        "content": [
          "Instances:",
          "- simple/node_modules/foo  1.0.0",
          "Consider using alternative packages:",
          "- bar",
        ],
        "type": "tty",
      },
      {
        "payload": {
          "context": {
            "alternatives": [
              "bar",
            ],
            "compilation": "a5ca8b0ac9b2c1315153",
            "description": undefined,
            "package": "foo",
          },
        },
        "query": "
              $input: resolveInputFile();
              {
                package: #.package.resolvePackage(#.compilation),
                alternatives: #.alternatives,
                description: #.description,
              }
              ",
        "type": "discovery",
        "view": [
          {
            "content": "text:description",
            "view": "block",
            "when": "description",
          },
          {
            "data": ""Consider using alternative packages:"",
            "view": "text",
            "when": "alternatives",
          },
          {
            "data": "alternatives",
            "item": {
              "data": "{text: $, href:"https://npmjs.com/package/"+$}",
              "view": "link",
            },
            "view": "ul",
          },
        ],
      },
    ],
    "filename": "input.json",
    "message": "foo@1.0.0 should not be used",
    "related": [
      {
        "id": "foo",
        "type": "package",
      },
      {
        "id": "simple/node_modules/foo",
        "type": "package-instance",
      },
    ],
  },
]
`;

exports[`basic functionality does not match test 1`] = `[]`;

exports[`basic functionality does not match test 2`] = `[]`;

exports[`basic functionality does not match test 3`] = `[]`;

exports[`basic functionality does not match test 4`] = `[]`;

exports[`basic functionality does not match test 5`] = `[]`;

exports[`basic functionality match test 1`] = `
[
  {
    "compilation": "a5ca8b0ac9b2c1315153",
    "details": [
      {
        "content": [
          "Instances:",
          "- simple/node_modules/foo  1.0.0",
        ],
        "type": "text",
      },
      {
        "content": [
          "Instances:",
          "- simple/node_modules/foo  1.0.0",
        ],
        "type": "tty",
      },
      {
        "payload": {
          "context": {
            "alternatives": undefined,
            "compilation": "a5ca8b0ac9b2c1315153",
            "description": undefined,
            "package": "foo",
          },
        },
        "query": "
              $input: resolveInputFile();
              {
                package: #.package.resolvePackage(#.compilation),
                alternatives: #.alternatives,
                description: #.description,
              }
              ",
        "type": "discovery",
        "view": [
          {
            "content": "text:description",
            "view": "block",
            "when": "description",
          },
          {
            "data": ""Consider using alternative packages:"",
            "view": "text",
            "when": "alternatives",
          },
          {
            "data": "alternatives",
            "item": {
              "data": "{text: $, href:"https://npmjs.com/package/"+$}",
              "view": "link",
            },
            "view": "ul",
          },
        ],
      },
    ],
    "filename": "input.json",
    "message": "foo@1.0.0 should not be used",
    "related": [
      {
        "id": "foo",
        "type": "package",
      },
      {
        "id": "simple/node_modules/foo",
        "type": "package-instance",
      },
    ],
  },
]
`;

exports[`basic functionality match test 2`] = `
[
  {
    "compilation": "a5ca8b0ac9b2c1315153",
    "details": [
      {
        "content": [
          "Instances:",
          "- simple/node_modules/foo  1.0.0",
        ],
        "type": "text",
      },
      {
        "content": [
          "Instances:",
          "- simple/node_modules/foo  1.0.0",
        ],
        "type": "tty",
      },
      {
        "payload": {
          "context": {
            "alternatives": undefined,
            "compilation": "a5ca8b0ac9b2c1315153",
            "description": undefined,
            "package": "foo",
          },
        },
        "query": "
              $input: resolveInputFile();
              {
                package: #.package.resolvePackage(#.compilation),
                alternatives: #.alternatives,
                description: #.description,
              }
              ",
        "type": "discovery",
        "view": [
          {
            "content": "text:description",
            "view": "block",
            "when": "description",
          },
          {
            "data": ""Consider using alternative packages:"",
            "view": "text",
            "when": "alternatives",
          },
          {
            "data": "alternatives",
            "item": {
              "data": "{text: $, href:"https://npmjs.com/package/"+$}",
              "view": "link",
            },
            "view": "ul",
          },
        ],
      },
    ],
    "filename": "input.json",
    "message": "foo@1.0.0 should not be used",
    "related": [
      {
        "id": "foo",
        "type": "package",
      },
      {
        "id": "simple/node_modules/foo",
        "type": "package-instance",
      },
    ],
  },
]
`;

exports[`basic functionality match test 3`] = `
[
  {
    "compilation": "a5ca8b0ac9b2c1315153",
    "details": [
      {
        "content": [
          "Instances:",
          "- simple/node_modules/foo  1.0.0",
        ],
        "type": "text",
      },
      {
        "content": [
          "Instances:",
          "- simple/node_modules/foo  1.0.0",
        ],
        "type": "tty",
      },
      {
        "payload": {
          "context": {
            "alternatives": undefined,
            "compilation": "a5ca8b0ac9b2c1315153",
            "description": undefined,
            "package": "foo",
          },
        },
        "query": "
              $input: resolveInputFile();
              {
                package: #.package.resolvePackage(#.compilation),
                alternatives: #.alternatives,
                description: #.description,
              }
              ",
        "type": "discovery",
        "view": [
          {
            "content": "text:description",
            "view": "block",
            "when": "description",
          },
          {
            "data": ""Consider using alternative packages:"",
            "view": "text",
            "when": "alternatives",
          },
          {
            "data": "alternatives",
            "item": {
              "data": "{text: $, href:"https://npmjs.com/package/"+$}",
              "view": "link",
            },
            "view": "ul",
          },
        ],
      },
    ],
    "filename": "input.json",
    "message": "foo@1.0.0 should not be used",
    "related": [
      {
        "id": "foo",
        "type": "package",
      },
      {
        "id": "simple/node_modules/foo",
        "type": "package-instance",
      },
    ],
  },
]
`;

exports[`basic functionality match test 4`] = `
[
  {
    "compilation": "a5ca8b0ac9b2c1315153",
    "details": [
      {
        "content": [
          "Completely valid reason not to use foo",
          "Instances:",
          "- simple/node_modules/foo  1.0.0",
        ],
        "type": "text",
      },
      {
        "content": [
          "Completely valid reason not to use foo",
          "Instances:",
          "- simple/node_modules/foo  1.0.0",
        ],
        "type": "tty",
      },
      {
        "payload": {
          "context": {
            "alternatives": undefined,
            "compilation": "a5ca8b0ac9b2c1315153",
            "description": "Completely valid reason not to use foo",
            "package": "foo",
          },
        },
        "query": "
              $input: resolveInputFile();
              {
                package: #.package.resolvePackage(#.compilation),
                alternatives: #.alternatives,
                description: #.description,
              }
              ",
        "type": "discovery",
        "view": [
          {
            "content": "text:description",
            "view": "block",
            "when": "description",
          },
          {
            "data": ""Consider using alternative packages:"",
            "view": "text",
            "when": "alternatives",
          },
          {
            "data": "alternatives",
            "item": {
              "data": "{text: $, href:"https://npmjs.com/package/"+$}",
              "view": "link",
            },
            "view": "ul",
          },
        ],
      },
    ],
    "filename": "input.json",
    "message": "foo@1.0.0 should not be used",
    "related": [
      {
        "id": "foo",
        "type": "package",
      },
      {
        "id": "simple/node_modules/foo",
        "type": "package-instance",
      },
    ],
  },
]
`;

exports[`basic functionality match test 5`] = `
[
  {
    "compilation": "a5ca8b0ac9b2c1315153",
    "details": [
      {
        "content": [
          "Instances:",
          "- simple/node_modules/foo  1.0.0",
        ],
        "type": "text",
      },
      {
        "content": [
          "Instances:",
          "- simple/node_modules/foo  1.0.0",
        ],
        "type": "tty",
      },
      {
        "payload": {
          "context": {
            "alternatives": undefined,
            "compilation": "a5ca8b0ac9b2c1315153",
            "description": undefined,
            "package": "foo",
          },
        },
        "query": "
              $input: resolveInputFile();
              {
                package: #.package.resolvePackage(#.compilation),
                alternatives: #.alternatives,
                description: #.description,
              }
              ",
        "type": "discovery",
        "view": [
          {
            "content": "text:description",
            "view": "block",
            "when": "description",
          },
          {
            "data": ""Consider using alternative packages:"",
            "view": "text",
            "when": "alternatives",
          },
          {
            "data": "alternatives",
            "item": {
              "data": "{text: $, href:"https://npmjs.com/package/"+$}",
              "view": "link",
            },
            "view": "ul",
          },
        ],
      },
    ],
    "filename": "input.json",
    "message": "foo@1.0.0 should not be used",
    "related": [
      {
        "id": "foo",
        "type": "package",
      },
      {
        "id": "simple/node_modules/foo",
        "type": "package-instance",
      },
    ],
  },
]
`;

exports[`basic functionality match test 6`] = `
[
  {
    "compilation": "a5ca8b0ac9b2c1315153",
    "details": [
      {
        "content": [
          "Instances:",
          "- simple/node_modules/foo  1.0.0",
        ],
        "type": "text",
      },
      {
        "content": [
          "Instances:",
          "- simple/node_modules/foo  1.0.0",
        ],
        "type": "tty",
      },
      {
        "payload": {
          "context": {
            "alternatives": undefined,
            "compilation": "a5ca8b0ac9b2c1315153",
            "description": undefined,
            "package": "foo",
          },
        },
        "query": "
              $input: resolveInputFile();
              {
                package: #.package.resolvePackage(#.compilation),
                alternatives: #.alternatives,
                description: #.description,
              }
              ",
        "type": "discovery",
        "view": [
          {
            "content": "text:description",
            "view": "block",
            "when": "description",
          },
          {
            "data": ""Consider using alternative packages:"",
            "view": "text",
            "when": "alternatives",
          },
          {
            "data": "alternatives",
            "item": {
              "data": "{text: $, href:"https://npmjs.com/package/"+$}",
              "view": "link",
            },
            "view": "ul",
          },
        ],
      },
    ],
    "filename": "input.json",
    "message": "foo@1.0.0 should not be used",
    "related": [
      {
        "id": "foo",
        "type": "package",
      },
      {
        "id": "simple/node_modules/foo",
        "type": "package-instance",
      },
    ],
  },
]
`;

exports[`basic functionality match test 7`] = `
[
  {
    "compilation": "a5ca8b0ac9b2c1315153",
    "details": [
      {
        "content": [
          "Completely valid reason not to use foo",
          "Instances:",
          "- simple/node_modules/foo  1.0.0",
        ],
        "type": "text",
      },
      {
        "content": [
          "Completely valid reason not to use foo",
          "Instances:",
          "- simple/node_modules/foo  1.0.0",
        ],
        "type": "tty",
      },
      {
        "payload": {
          "context": {
            "alternatives": undefined,
            "compilation": "a5ca8b0ac9b2c1315153",
            "description": "Completely valid reason not to use foo",
            "package": "foo",
          },
        },
        "query": "
              $input: resolveInputFile();
              {
                package: #.package.resolvePackage(#.compilation),
                alternatives: #.alternatives,
                description: #.description,
              }
              ",
        "type": "discovery",
        "view": [
          {
            "content": "text:description",
            "view": "block",
            "when": "description",
          },
          {
            "data": ""Consider using alternative packages:"",
            "view": "text",
            "when": "alternatives",
          },
          {
            "data": "alternatives",
            "item": {
              "data": "{text: $, href:"https://npmjs.com/package/"+$}",
              "view": "link",
            },
            "view": "ul",
          },
        ],
      },
    ],
    "filename": "input.json",
    "message": "foo@1.0.0 should not be used",
    "related": [
      {
        "id": "foo",
        "type": "package",
      },
      {
        "id": "simple/node_modules/foo",
        "type": "package-instance",
      },
    ],
  },
]
`;
