// Jest Snapshot v1, https://goo.gl/fbAQLP

exports[`matches 1`] = `
[
  {
    "compilation": undefined,
    "details": [
      {
        "payload": {
          "context": {
            "after": 4,
            "before": 2,
            "diff": [
              {
                "changedReasons": [
                  {
                    "active": true,
                    "explanation": "",
                    "loc": "2:0-31",
                    "module": "./simple/src/index2.ts",
                    "moduleId": "./src/index2.ts",
                    "moduleIdentifier": "./node_modules/babel-loader/lib/index.js!./simple/src/index2.ts",
                    "moduleName": "./simple/src/index2.ts",
                    "resolvedEntry": null,
                    "resolvedModule": null,
                    "resolvedModuleId": "./src/index2.ts",
                    "resolvedModuleIdentifier": "./node_modules/babel-loader/lib/index.js!./simple/src/index2.ts",
                    "type": "harmony side effect evaluation",
                    "userRequest": "is-array",
                  },
                  {
                    "active": true,
                    "explanation": "",
                    "loc": "10:30-37",
                    "module": "./simple/src/index2.ts",
                    "moduleId": "./src/index2.ts",
                    "moduleIdentifier": "./node_modules/babel-loader/lib/index.js!./simple/src/index2.ts",
                    "moduleName": "./simple/src/index2.ts",
                    "resolvedEntry": null,
                    "resolvedModule": null,
                    "resolvedModuleId": "./src/index2.ts",
                    "resolvedModuleIdentifier": "./node_modules/babel-loader/lib/index.js!./simple/src/index2.ts",
                    "type": "harmony import specifier",
                    "userRequest": "is-array",
                  },
                ],
                "module": "./node_modules/is-array/index.js",
              },
            ],
            "packageName": "is-array",
          },
        },
        "query": "
              $input: resolveInputFile();
              {
                package: $input.compilations.hash.(#.packageName.resolvePackage($)).pick(),
                diff: #.diff.({
                  $module;
                  module: $input.compilations.hash.($module.resolveModule($)).pick(),
                  changedReasons: changedReasons.({
                    $reason: $;
                    ...$,
                    resolvedModule: $input.compilations.hash.($reason.moduleIdentifier.resolveModule($)).pick(),
                    resolvedEntry: $input.compilations.hash.($reason.resolvedEntryName.resolveEntrypoint($)).pick(),
                  })
                }),
                before: #.before,
                after: #.after,
              }
              ",
        "type": "discovery",
      },
    ],
    "filename": "input.json",
    "message": "Usage of is-array was increased from 2 to 4",
    "related": [
      {
        "id": "is-array",
        "type": "package",
      },
    ],
  },
]
`;

exports[`not matches 1`] = `[]`;
