// Jest Snapshot v1, https://goo.gl/fbAQLP

exports[`matches 1`] = `
[
  {
    "compilation": undefined,
    "details": [
      {
        "payload": {
          "context": {
            "after": 1,
            "before": 0,
            "diff": [
              {
                "active": true,
                "explanation": "",
                "loc": "one",
                "module": null,
                "moduleId": null,
                "moduleIdentifier": null,
                "moduleName": null,
                "resolvedEntry": null,
                "resolvedEntryName": "one",
                "resolvedModule": null,
                "resolvedModuleId": null,
                "resolvedModuleIdentifier": null,
                "type": "entry",
                "userRequest": "./src/index.ts",
              },
            ],
            "module": "./node_modules/babel-loader/lib/index.js!./simple/src/index.ts|0b0c5dd45d404db9de8e4f112da38650",
          },
        },
        "query": "
              $input: resolveInputFile();
              {
                module: $input.compilations.hash.(#.module.resolveModule($)).pick(),
                diff: #.diff.({
                  $reason: $;
                  ...$,
                  resolvedModule: $input.compilations.hash.($reason.moduleIdentifier.resolveModule($)).pick(),
                  resolvedEntry: $input.compilations.hash.($reason.resolvedEntryName.resolveEntrypoint($)).pick(),
                }),
                before: #.before,
                after: #.after,
              }
              ",
        "type": "discovery",
      },
    ],
    "filename": "input.json",
    "message": "Usage of ./simple/src/index.ts + 3 modules was increased from 0 to 1",
    "related": [
      {
        "id": "./node_modules/babel-loader/lib/index.js!./simple/src/index.ts|0b0c5dd45d404db9de8e4f112da38650",
        "type": "module",
      },
    ],
  },
  {
    "compilation": undefined,
    "details": [
      {
        "payload": {
          "context": {
            "after": 1,
            "before": 0,
            "diff": [
              {
                "active": true,
                "explanation": "",
                "loc": "two",
                "module": null,
                "moduleId": null,
                "moduleIdentifier": null,
                "moduleName": null,
                "resolvedEntry": null,
                "resolvedEntryName": "two",
                "resolvedModule": null,
                "resolvedModuleId": null,
                "resolvedModuleIdentifier": null,
                "type": "entry",
                "userRequest": "./src/index2.ts",
              },
            ],
            "module": "./node_modules/babel-loader/lib/index.js!./simple/src/index2.ts|c68ca0e747ab40a1e23e6b9e5f0d6325",
          },
        },
        "query": "
              $input: resolveInputFile();
              {
                module: $input.compilations.hash.(#.module.resolveModule($)).pick(),
                diff: #.diff.({
                  $reason: $;
                  ...$,
                  resolvedModule: $input.compilations.hash.($reason.moduleIdentifier.resolveModule($)).pick(),
                  resolvedEntry: $input.compilations.hash.($reason.resolvedEntryName.resolveEntrypoint($)).pick(),
                }),
                before: #.before,
                after: #.after,
              }
              ",
        "type": "discovery",
      },
    ],
    "filename": "input.json",
    "message": "Usage of ./simple/src/index2.ts + 1 modules was increased from 0 to 1",
    "related": [
      {
        "id": "./node_modules/babel-loader/lib/index.js!./simple/src/index2.ts|c68ca0e747ab40a1e23e6b9e5f0d6325",
        "type": "module",
      },
    ],
  },
  {
    "compilation": undefined,
    "details": [
      {
        "payload": {
          "context": {
            "after": 4,
            "before": 2,
            "diff": [
              {
                "active": true,
                "explanation": "",
                "loc": "2:0-31",
                "module": "./simple/src/index.ts + 3 modules",
                "moduleId": 292,
                "moduleIdentifier": "./node_modules/babel-loader/lib/index.js!./simple/src/index.ts|0b0c5dd45d404db9de8e4f112da38650",
                "moduleName": "./simple/src/index.ts + 3 modules",
                "resolvedEntry": null,
                "resolvedModule": null,
                "resolvedModuleId": null,
                "resolvedModuleIdentifier": "./node_modules/babel-loader/lib/index.js!./simple/src/index.ts",
                "type": "harmony side effect evaluation",
                "userRequest": "is-array",
              },
              {
                "active": true,
                "explanation": "",
                "loc": "4:17-24",
                "module": "./simple/src/index.ts + 3 modules",
                "moduleId": 292,
                "moduleIdentifier": "./node_modules/babel-loader/lib/index.js!./simple/src/index.ts|0b0c5dd45d404db9de8e4f112da38650",
                "moduleName": "./simple/src/index.ts + 3 modules",
                "resolvedEntry": null,
                "resolvedModule": null,
                "resolvedModuleId": null,
                "resolvedModuleIdentifier": "./node_modules/babel-loader/lib/index.js!./simple/src/index.ts",
                "type": "harmony import specifier",
                "userRequest": "is-array",
              },
              {
                "active": true,
                "explanation": "",
                "loc": "2:0-31",
                "module": "./simple/src/index2.ts + 1 modules",
                "moduleId": 503,
                "moduleIdentifier": "./node_modules/babel-loader/lib/index.js!./simple/src/index2.ts|c68ca0e747ab40a1e23e6b9e5f0d6325",
                "moduleName": "./simple/src/index2.ts + 1 modules",
                "resolvedEntry": null,
                "resolvedModule": null,
                "resolvedModuleId": null,
                "resolvedModuleIdentifier": "./node_modules/babel-loader/lib/index.js!./simple/src/index2.ts",
                "type": "harmony side effect evaluation",
                "userRequest": "is-array",
              },
              {
                "active": true,
                "explanation": "",
                "loc": "10:30-37",
                "module": "./simple/src/index2.ts + 1 modules",
                "moduleId": 503,
                "moduleIdentifier": "./node_modules/babel-loader/lib/index.js!./simple/src/index2.ts|c68ca0e747ab40a1e23e6b9e5f0d6325",
                "moduleName": "./simple/src/index2.ts + 1 modules",
                "resolvedEntry": null,
                "resolvedModule": null,
                "resolvedModuleId": null,
                "resolvedModuleIdentifier": "./node_modules/babel-loader/lib/index.js!./simple/src/index2.ts",
                "type": "harmony import specifier",
                "userRequest": "is-array",
              },
            ],
            "module": "./node_modules/is-array/index.js",
          },
        },
        "query": "
              $input: resolveInputFile();
              {
                module: $input.compilations.hash.(#.module.resolveModule($)).pick(),
                diff: #.diff.({
                  $reason: $;
                  ...$,
                  resolvedModule: $input.compilations.hash.($reason.moduleIdentifier.resolveModule($)).pick(),
                  resolvedEntry: $input.compilations.hash.($reason.resolvedEntryName.resolveEntrypoint($)).pick(),
                }),
                before: #.before,
                after: #.after,
              }
              ",
        "type": "discovery",
      },
    ],
    "filename": "input.json",
    "message": "Usage of ./node_modules/is-array/index.js was increased from 2 to 4",
    "related": [
      {
        "id": "./node_modules/is-array/index.js",
        "type": "module",
      },
    ],
  },
  {
    "compilation": undefined,
    "details": [
      {
        "payload": {
          "context": {
            "after": 1,
            "before": 0,
            "diff": [
              {
                "active": true,
                "explanation": "",
                "loc": "5:0-16",
                "module": "./simple/src/index2.ts",
                "moduleId": null,
                "moduleIdentifier": "./node_modules/babel-loader/lib/index.js!./simple/src/index2.ts",
                "moduleName": "./simple/src/index2.ts",
                "resolvedEntry": null,
                "resolvedModule": null,
                "resolvedModuleId": null,
                "resolvedModuleIdentifier": "./node_modules/babel-loader/lib/index.js!./simple/src/index2.ts",
                "type": "harmony side effect evaluation",
                "userRequest": "extLib",
              },
            ],
            "module": "external var "extLib"",
          },
        },
        "query": "
              $input: resolveInputFile();
              {
                module: $input.compilations.hash.(#.module.resolveModule($)).pick(),
                diff: #.diff.({
                  $reason: $;
                  ...$,
                  resolvedModule: $input.compilations.hash.($reason.moduleIdentifier.resolveModule($)).pick(),
                  resolvedEntry: $input.compilations.hash.($reason.resolvedEntryName.resolveEntrypoint($)).pick(),
                }),
                before: #.before,
                after: #.after,
              }
              ",
        "type": "discovery",
      },
    ],
    "filename": "input.json",
    "message": "Usage of external "extLib" was increased from 0 to 1",
    "related": [
      {
        "id": "external var "extLib"",
        "type": "module",
      },
    ],
  },
  {
    "compilation": undefined,
    "details": [
      {
        "payload": {
          "context": {
            "after": 1,
            "before": 0,
            "diff": [
              {
                "active": true,
                "explanation": "",
                "loc": "6:12-50",
                "module": "./simple/src/index2.ts + 1 modules",
                "moduleId": 503,
                "moduleIdentifier": "./node_modules/babel-loader/lib/index.js!./simple/src/index2.ts|c68ca0e747ab40a1e23e6b9e5f0d6325",
                "moduleName": "./simple/src/index2.ts + 1 modules",
                "resolvedEntry": null,
                "resolvedModule": null,
                "resolvedModuleId": null,
                "resolvedModuleIdentifier": "./node_modules/babel-loader/lib/index.js!./simple/src/index2.ts",
                "type": "new URL()",
                "userRequest": "./test.txt",
              },
            ],
            "module": "asset/resource|./simple/src/test.txt",
          },
        },
        "query": "
              $input: resolveInputFile();
              {
                module: $input.compilations.hash.(#.module.resolveModule($)).pick(),
                diff: #.diff.({
                  $reason: $;
                  ...$,
                  resolvedModule: $input.compilations.hash.($reason.moduleIdentifier.resolveModule($)).pick(),
                  resolvedEntry: $input.compilations.hash.($reason.resolvedEntryName.resolveEntrypoint($)).pick(),
                }),
                before: #.before,
                after: #.after,
              }
              ",
        "type": "discovery",
      },
    ],
    "filename": "input.json",
    "message": "Usage of ./simple/src/test.txt was increased from 0 to 1",
    "related": [
      {
        "id": "asset/resource|./simple/src/test.txt",
        "type": "module",
      },
    ],
  },
  {
    "compilation": undefined,
    "details": [
      {
        "payload": {
          "context": {
            "after": 2,
            "before": 0,
            "diff": [
              {
                "active": true,
                "explanation": "",
                "loc": "4:0-61",
                "module": "./simple/src/index2.css",
                "moduleId": 945,
                "moduleIdentifier": "./node_modules/css-loader/dist/cjs.js!./simple/src/index2.css",
                "moduleName": "./simple/src/index2.css",
                "resolvedEntry": null,
                "resolvedModule": null,
                "resolvedModuleId": 945,
                "resolvedModuleIdentifier": "./node_modules/css-loader/dist/cjs.js!./simple/src/index2.css",
                "type": "harmony side effect evaluation",
                "userRequest": "./statoscope.png",
              },
              {
                "active": true,
                "explanation": "",
                "loc": "6:73-102",
                "module": "./simple/src/index2.css",
                "moduleId": 945,
                "moduleIdentifier": "./node_modules/css-loader/dist/cjs.js!./simple/src/index2.css",
                "moduleName": "./simple/src/index2.css",
                "resolvedEntry": null,
                "resolvedModule": null,
                "resolvedModuleId": 945,
                "resolvedModuleIdentifier": "./node_modules/css-loader/dist/cjs.js!./simple/src/index2.css",
                "type": "harmony import specifier",
                "userRequest": "./statoscope.png",
              },
            ],
            "module": "asset/inline|./simple/src/statoscope.png",
          },
        },
        "query": "
              $input: resolveInputFile();
              {
                module: $input.compilations.hash.(#.module.resolveModule($)).pick(),
                diff: #.diff.({
                  $reason: $;
                  ...$,
                  resolvedModule: $input.compilations.hash.($reason.moduleIdentifier.resolveModule($)).pick(),
                  resolvedEntry: $input.compilations.hash.($reason.resolvedEntryName.resolveEntrypoint($)).pick(),
                }),
                before: #.before,
                after: #.after,
              }
              ",
        "type": "discovery",
      },
    ],
    "filename": "input.json",
    "message": "Usage of ./simple/src/statoscope.png was increased from 0 to 2",
    "related": [
      {
        "id": "asset/inline|./simple/src/statoscope.png",
        "type": "module",
      },
    ],
  },
  {
    "compilation": undefined,
    "details": [
      {
        "payload": {
          "context": {
            "after": 2,
            "before": 1,
            "diff": [
              {
                "active": false,
                "explanation": "",
                "loc": "1:0-22",
                "module": "./simple/src/index.ts + 3 modules",
                "moduleId": 292,
                "moduleIdentifier": "./node_modules/babel-loader/lib/index.js!./simple/src/index.ts|0b0c5dd45d404db9de8e4f112da38650",
                "moduleName": "./simple/src/index.ts + 3 modules",
                "resolvedEntry": null,
                "resolvedModule": null,
                "resolvedModuleId": null,
                "resolvedModuleIdentifier": "./simple/node_modules/foo/index.js",
                "type": "harmony side effect evaluation",
                "userRequest": "bar",
              },
            ],
            "module": "./simple/node_modules/foo/node_modules/bar/index.js",
          },
        },
        "query": "
              $input: resolveInputFile();
              {
                module: $input.compilations.hash.(#.module.resolveModule($)).pick(),
                diff: #.diff.({
                  $reason: $;
                  ...$,
                  resolvedModule: $input.compilations.hash.($reason.moduleIdentifier.resolveModule($)).pick(),
                  resolvedEntry: $input.compilations.hash.($reason.resolvedEntryName.resolveEntrypoint($)).pick(),
                }),
                before: #.before,
                after: #.after,
              }
              ",
        "type": "discovery",
      },
    ],
    "filename": "input.json",
    "message": "Usage of ./simple/node_modules/foo/node_modules/bar/index.js was increased from 1 to 2",
    "related": [
      {
        "id": "./simple/node_modules/foo/node_modules/bar/index.js",
        "type": "module",
      },
    ],
  },
]
`;

exports[`not matches 1`] = `[]`;
