// Jest Snapshot v1, https://goo.gl/fbAQLP

exports[`validator types jora-query from js jora-fail.js 1`] = `
[
  [
    "unknown",
  ],
  [
    "  error: Fail",
  ],
  [
    "",
  ],
  [
    "Errors: 1",
  ],
  [
    "Done",
  ],
]
`;

exports[`validator types jora-query from js jora-ok.js 1`] = `
[
  [
    "",
  ],
  [
    "Done",
  ],
]
`;

exports[`validator types raw jora-query fail.jora 1`] = `
[
  [
    "unknown",
  ],
  [
    "  error: Fail",
  ],
  [
    "",
  ],
  [
    "Errors: 1",
  ],
  [
    "Done",
  ],
]
`;

exports[`validator types raw jora-query ok.jora 1`] = `
[
  [
    "",
  ],
  [
    "Done",
  ],
]
`;

exports[`validator types raw jora-query rules.jora 1`] = `
[
  [
    "unknown",
  ],
  [
    "  info: Auto info message",
  ],
  [
    "  info: Info message without assert",
  ],
  [
    "  info: Info with assert",
  ],
  [
    "  warn: Warn without assert",
  ],
  [
    "  warn: Warn with assert",
  ],
  [
    "  info: Auto info for file",
  ],
  [
    "  info: Info for file",
  ],
  [
    "  warn: Warn for file",
  ],
  [
    "  error: Error for file",
  ],
  [
    "  error: Something wrong (should not trigger!)undefined",
  ],
  [
    "  error: Something wrong",
  ],
  [
    "",
  ],
  [
    "Errors: 3",
  ],
  [
    "Warnings: 3",
  ],
  [
    "Info: 5",
  ],
  [
    "Done",
  ],
]
`;
