// Jest Snapshot v1, https://goo.gl/fbAQLP

exports[`with config explicit rules 1`] = `[]`;

exports[`with config explicit rules not found 1`] = `[]`;
