// Jest Snapshot v1, https://goo.gl/fbAQLP

exports[`should work 1`] = `
{
  "descriptor": {
    "adapter": {
      "name": "test-adapter",
      "version": "7.7.7",
    },
    "author": {
      "name": "Sergey Melyukov",
      "url": "https://twitter.com/smelukov",
    },
    "description": "Statoscope extension that collects stats validation result",
    "homepage": "https://github.com/statoscope/statoscope/",
    "name": "@statoscope/stats-extension-stats-validation-result",
    "version": "8.8.8",
  },
  "payload": {
    "compilations": [
      {
        "id": "foo-compilation",
        "items": [
          {
            "details": [],
            "id": 0,
            "message": "foo-message",
            "related": [
              {
                "id": "foo-foo-module",
                "type": "module",
              },
              {
                "id": "foo-foo-entry",
                "type": "entry",
              },
            ],
            "rule": "foo-rule",
            "type": "warn",
          },
          {
            "details": [],
            "id": 1,
            "message": "bar-message",
            "related": [
              {
                "id": "foo-foo-module",
                "type": "module",
              },
              {
                "id": "foo-bar-module",
                "type": "module",
              },
              {
                "id": "foo-foo-entry",
                "type": "entry",
              },
              {
                "id": "foo-bar-entry",
                "type": "entry",
              },
            ],
            "rule": "foo-rule",
            "type": "error",
          },
        ],
      },
      {
        "id": "bar-compilation",
        "items": [
          {
            "details": [],
            "id": 2,
            "message": "bar-message",
            "related": [
              {
                "id": "bar-foo-module",
                "type": "module",
              },
              {
                "id": "bar-bar-module",
                "type": "module",
              },
              {
                "id": "bar-foo-entry",
                "type": "entry",
              },
              {
                "id": "bar-bar-entry",
                "type": "entry",
              },
            ],
            "rule": "foo-rule",
            "type": "error",
          },
        ],
      },
    ],
    "rules": [
      {
        "descriptor": {
          "description": "foo-description",
          "package": {
            "homepage": "https://statoscope.tech",
            "name": "foo-package",
            "version": "1.0.0",
          },
        },
        "name": "foo-rule",
      },
    ],
  },
}
`;
