// Jest Snapshot v1, https://goo.gl/fbAQLP

exports[`maxBuildTimeDiff global 1`] = `
[
  {
    "compilation": "13150ee616278b6770b8",
    "details": [
      {
        "payload": {
          "context": {
            "diff": {
              "absolute": 339,
              "ok": false,
              "percent": 81.49038461538463,
            },
            "rule": {
              "number": 1,
              "type": "absolute",
            },
            "slowestInputCompilation": "13150ee616278b6770b8",
            "slowestReferenceCompilation": "a5ca8b0ac9b2c1315153",
          },
        },
        "query": "
            {
              slowestInputCompilation: #.slowestInputCompilation.resolveStat().compilation,
              slowestReferenceCompilation: #.slowestReferenceCompilation.resolveStat().compilation,
              rule: #.rule,
              diff: #.diff,
            }
            ",
        "type": "discovery",
      },
    ],
    "filename": "input.json",
    "message": "Entry "13150ee": Build time diff is 755 ms (81.49%). It's over the 1 ms limit",
    "related": [
      {
        "id": "13150ee616278b6770b8",
        "type": "compilation",
      },
    ],
  },
]
`;

exports[`maxBuildTimeDiff not match - global 1`] = `[]`;
