// Jest Snapshot v1, https://goo.gl/fbAQLP

exports[`error 1`] = `
{
  "description": " foo",
  "package": {
    "name": "foo",
    "version": "1.0.0",
  },
}
`;

exports[`error 2`] = `
[
  {
    "compilation": undefined,
    "details": undefined,
    "filename": undefined,
    "message": "foo-message",
    "related": undefined,
  },
  {
    "compilation": undefined,
    "details": undefined,
    "filename": "foo-filename",
    "message": "bar-message",
    "related": undefined,
  },
  {
    "compilation": "foo-compilation",
    "details": [
      {
        "content": "foo",
        "type": "text",
      },
    ],
    "filename": "foo-filename",
    "message": "baz-message",
    "related": [
      {
        "id": "foo-module",
        "type": "module",
      },
      {
        "id": "foo-package",
        "type": "package",
      },
    ],
  },
]
`;
