// Jest Snapshot v1, https://goo.gl/fbAQLP

exports[`custom reporter 1`] = `
{
  "files": {
    "input": "<pwd>/test/bundles/v5/simple/stats-prod.json",
    "reference": undefined,
  },
  "rules": [
    {
      "api": {
        "getRuleDescriptor": [Function],
        "getStorage": [Function],
        "message": [Function],
        "setRuleDescriptor": [Function],
      },
      "execParams": {
        "mode": "error",
      },
      "name": "webpack/restricted-modules",
    },
    {
      "api": {
        "getRuleDescriptor": [Function],
        "getStorage": [Function],
        "message": [Function],
        "setRuleDescriptor": [Function],
      },
      "execParams": {
        "mode": "error",
      },
      "name": "webpack/restricted-packages",
    },
  ],
}
`;

exports[`should work 1`] = `
{
  "files": {
    "input": "<pwd>/test/bundles/v5/simple/stats-prod.json",
    "reference": undefined,
  },
  "rules": [
    {
      "api": {
        "getRuleDescriptor": [Function],
        "getStorage": [Function],
        "message": [Function],
        "setRuleDescriptor": [Function],
      },
      "execParams": {
        "mode": "error",
      },
      "name": "webpack/restricted-modules",
    },
    {
      "api": {
        "getRuleDescriptor": [Function],
        "getStorage": [Function],
        "message": [Function],
        "setRuleDescriptor": [Function],
      },
      "execParams": {
        "mode": "error",
      },
      "name": "webpack/restricted-packages",
    },
  ],
}
`;

exports[`silent 1`] = `
{
  "files": {
    "input": "<pwd>/test/bundles/v5/simple/stats-prod.json",
    "reference": undefined,
  },
  "rules": [
    {
      "api": {
        "getRuleDescriptor": [Function],
        "getStorage": [Function],
        "message": [Function],
        "setRuleDescriptor": [Function],
      },
      "execParams": {
        "mode": "error",
      },
      "name": "webpack/restricted-modules",
    },
    {
      "api": {
        "getRuleDescriptor": [Function],
        "getStorage": [Function],
        "message": [Function],
        "setRuleDescriptor": [Function],
      },
      "execParams": {
        "mode": "error",
      },
      "name": "webpack/restricted-packages",
    },
  ],
}
`;
