// Jest Snapshot v1, https://goo.gl/fbAQLP

exports[`exclude no exclude 1`] = `
[
  {
    "compilation": "a5ca8b0ac9b2c1315153",
    "details": [
      {
        "content": "- simple/node_modules/bar  1.0.0
- simple/node_modules/foo/node_modules/bar  2.0.0",
        "type": "text",
      },
      {
        "content": "- simple/node_modules/bar  1.0.0
- simple/node_modules/foo/node_modules/bar  2.0.0",
        "type": "tty",
      },
      {
        "payload": {
          "context": {
            "compilation": "a5ca8b0ac9b2c1315153",
            "package": "bar",
          },
        },
        "query": "
              $input: resolveInputFile();
              {
                package: #.package.resolvePackage(#.compilation),
              }
              ",
        "type": "discovery",
      },
    ],
    "filename": "input.json",
    "message": "Package bar has 2 instances with 2 versions",
    "related": [
      {
        "id": "bar",
        "type": "package",
      },
      {
        "id": "simple/node_modules/bar",
        "type": "package-instance",
      },
      {
        "id": "simple/node_modules/foo/node_modules/bar",
        "type": "package-instance",
      },
    ],
  },
]
`;

exports[`exclude object 1`] = `[]`;

exports[`exclude regexp 1`] = `[]`;

exports[`exclude string 1`] = `[]`;

exports[`should work 1`] = `
[
  {
    "compilation": "a5ca8b0ac9b2c1315153",
    "details": [
      {
        "content": "- simple/node_modules/bar  1.0.0
- simple/node_modules/foo/node_modules/bar  2.0.0",
        "type": "text",
      },
      {
        "content": "- simple/node_modules/bar  1.0.0
- simple/node_modules/foo/node_modules/bar  2.0.0",
        "type": "tty",
      },
      {
        "payload": {
          "context": {
            "compilation": "a5ca8b0ac9b2c1315153",
            "package": "bar",
          },
        },
        "query": "
              $input: resolveInputFile();
              {
                package: #.package.resolvePackage(#.compilation),
              }
              ",
        "type": "discovery",
      },
    ],
    "filename": "input.json",
    "message": "Package bar has 2 instances with 2 versions",
    "related": [
      {
        "id": "bar",
        "type": "package",
      },
      {
        "id": "simple/node_modules/bar",
        "type": "package-instance",
      },
      {
        "id": "simple/node_modules/foo/node_modules/bar",
        "type": "package-instance",
      },
    ],
  },
]
`;
