// Jest Snapshot v1, https://goo.gl/fbAQLP

exports[`extractModulePackages 1`] = `
[
  {
    "instances": [
      {
        "modules": [
          "node_modules/is-array/index.js",
        ],
        "reasons": [
          {
            "data": "simple/src/index.ts",
            "type": "module",
          },
          {
            "data": "simple/src/index2.ts",
            "type": "module",
          },
        ],
      },
    ],
    "name": "is-array",
  },
  {
    "instances": [
      {
        "modules": [
          "simple/node_modules/foo/index.js",
        ],
        "reasons": [
          {
            "data": "simple/src/sub-module.ts",
            "type": "module",
          },
        ],
      },
    ],
    "name": "foo",
  },
  {
    "instances": [
      {
        "modules": [
          "simple/node_modules/bar/index.js",
        ],
        "reasons": [
          {
            "data": "simple/src/sub-module.ts",
            "type": "module",
          },
        ],
      },
      {
        "modules": [
          "simple/node_modules/foo/node_modules/bar/index.js",
        ],
        "reasons": [
          {
            "data": "simple/src/index.ts",
            "type": "module",
          },
          {
            "data": "simple/node_modules/foo/index.js",
            "type": "module",
          },
        ],
      },
    ],
    "name": "bar",
  },
  {
    "instances": [
      {
        "modules": [
          "node_modules/css-loader/dist/runtime/api.js",
          "node_modules/css-loader/dist/runtime/getUrl.js",
        ],
        "reasons": [
          {
            "data": "simple/src/index2.css",
            "type": "module",
          },
        ],
      },
    ],
    "name": "css-loader",
  },
]
`;
